../Core/Src/main.c:91:9:SPI_Transfer	56	static
../Core/Src/main.c:100:6:nRF24_WriteRegister	16	static
../Core/Src/main.c:107:6:nRF24_WriteRegisterMulti	16	static
../Core/Src/main.c:114:9:nRF24_ReadRegister	24	static
../Core/Src/main.c:122:6:nRF24_WritePayload	16	static
../Core/Src/main.c:129:6:nRF24_ReadPayload	16	static
../Core/Src/main.c:136:6:nRF24_SetTXMode	16	static
../Core/Src/main.c:145:6:nRF24_SendData	16	static
../Core/Src/main.c:155:6:nRF24_Init	8	static
../Core/Src/main.c:169:6:nRF24_SetRXMode	16	static
../Core/Src/main.c:183:9:nRF24_DataAvailable	16	static
../Core/Src/main.c:193:6:noInput	8	static
../Core/Src/main.c:207:6:leftInput	8	static
../Core/Src/main.c:221:6:rightInput	8	static
../Core/Src/main.c:235:6:upInput	8	static
../Core/Src/main.c:249:6:downInput	8	static
../Core/Src/main.c:263:6:nRF24_ReceiveData	64	static
../Core/Src/main.c:304:6:HAL_GPIO_EXTI_Callback	16	static
../Core/Src/main.c:320:5:main	16	static
../Core/Src/main.c:409:6:SystemClock_Config	96	static
../Core/Src/main.c:459:13:MX_SPI1_Init	8	static
../Core/Src/main.c:499:13:MX_TIM2_Init	64	static
../Core/Src/main.c:562:13:MX_TIM3_Init	64	static
../Core/Src/main.c:621:13:MX_USART2_UART_Init	8	static
../Core/Src/main.c:656:13:MX_GPIO_Init	48	static
../Core/Src/main.c:723:6:Error_Handler	4	static,ignoring_inline_asm
