../Core/Src/main.c:78:9:SPI_Transfer	56	static
../Core/Src/main.c:87:6:nRF24_WriteRegister	16	static
../Core/Src/main.c:94:6:nRF24_WriteRegisterMulti	16	static
../Core/Src/main.c:101:9:nRF24_ReadRegister	24	static
../Core/Src/main.c:109:6:nRF24_WritePayload	16	static
../Core/Src/main.c:116:6:nRF24_ReadPayload	16	static
../Core/Src/main.c:123:6:nRF24_SetTXMode	16	static
../Core/Src/main.c:132:6:nRF24_FlushTX	8	static
../Core/Src/main.c:138:6:nRF24_SendData	24	static
../Core/Src/main.c:159:6:nRF24_Init	8	static
../Core/Src/main.c:172:6:nRF24_SetRXMode	16	static
../Core/Src/main.c:186:9:nRF24_DataAvailable	16	static
../Core/Src/main.c:211:5:main	32	static
../Core/Src/main.c:299:6:SystemClock_Config	96	static
../Core/Src/main.c:348:6:PeriphCommonClock_Config	144	static
../Core/Src/main.c:374:13:MX_ADC1_Init	48	static
../Core/Src/main.c:441:13:MX_ADC2_Init	32	static
../Core/Src/main.c:499:13:MX_SPI1_Init	8	static
../Core/Src/main.c:539:13:MX_USART2_UART_Init	8	static
../Core/Src/main.c:574:13:MX_GPIO_Init	48	static
../Core/Src/main.c:624:6:Error_Handler	4	static,ignoring_inline_asm
